// 同步 ID: 0afffc33 @ Sun Jul 26 10:46:16 UTC 2026
// 重构日志: 3550bfd0
// 重构日志: f58fc0cd
// 同步 ID: 90dacef9 @ Sun Jul 26 18:10:23 UTC 2026
// 重构日志: 701cb32b
// 同步 ID: 28868298 @ Mon Jul 27 08:39:52 UTC 2026
// 重构日志: d88c2c8c
// 重构日志: 21ac4725
// 重构日志: 6ad5d52b
// 重构日志: 2402f0e4
// 重构日志: 635d003f
// 同步 ID: 7c60754f @ Thu Jul 30 10:13:24 UTC 2026
// 同步 ID: bc4abd32 @ Thu Jul 30 19:56:57 UTC 2026
// 同步 ID: 079aa5b0 @ Sat Aug  1 04:58:22 UTC 2026
// 同步 ID: 009695a8 @ Sat Aug  1 12:24:48 UTC 2026
// 同步 ID: a0213c35 @ Sat Aug  1 14:18:37 UTC 2026
// 重构日志: ba30e1e0
// 同步 ID: 3b5d3d9f @ Mon Aug  3 02:01:40 UTC 2026
// 同步 ID: de03ef9b @ Tue Aug  4 04:45:18 UTC 2026
// 同步 ID: c58a850f @ Tue Aug  4 10:20:31 UTC 2026
// 重构日志: 6eff92a0
// 同步 ID: 07aad4bf @ Wed Aug  5 08:43:07 UTC 2026
// 同步 ID: 226557e0 @ Wed Aug  5 11:29:55 UTC 2026
// 重构日志: 6773b54e
// 重构日志: a5fb4ace
// 同步 ID: 8ba7d415 @ Thu Aug  6 14:13:31 UTC 2026
// 重构日志: b56659ad
// 重构日志: c2a6b267
// 重构日志: 3cb297b1
// 同步 ID: 8edf6e44 @ Fri Aug  7 08:51:29 UTC 2026
// 重构日志: 5035f785
// 重构日志: 81c38977
// 重构日志: 194ff52e
// 重构日志: 174916d8
// 重构日志: cd3c1552
// 重构日志: 78fabf50
// 重构日志: 4b1bafda
